// Jest Snapshot v1, https://goo.gl/fbAQLP

exports[`Hero component Features correctly without issues 1`] = `
ShallowWrapper {
  "complexSelector": ComplexSelector {
    "buildPredicate": [Function],
    "childrenOfNode": [Function],
    "findWhereUnwrapped": [Function],
  },
  "length": 1,
  "node": <section
    className="features"
>
    <div
        className="features__intro"
    >
        <h2>
            Get food fast — not fast food
        </h2>
        <p>
            Hello, we're Omnifood, your new premium food delivery service. We know you're always busy. No time for cooking. So let us take care of that, we're really good at it, we promise!
        </p>
    </div>
    <div
        className="features__specs"
    >
        <GridItem
            className="specs__span--1--of--4"
            gridItem={
                Object {
                    "id": 1,
                    "text": "text 1",
                    "title": "title 1",
                  }
            }
        />
        <GridItem
            className="specs__span--1--of--4"
            gridItem={
                Object {
                    "id": 2,
                    "text": "text 2",
                    "title": "title 2",
                  }
            }
        />
        <GridItem
            className="specs__span--1--of--4"
            gridItem={
                Object {
                    "id": 3,
                    "image": Object {
                      "alt": "Image 1",
                      "url": "Example image url",
                    },
                    "text": "text 3",
                    "title": "title 3",
                  }
            }
        />
        <GridItem
            className="specs__span--1--of--4"
            gridItem={
                Object {
                    "id": 4,
                    "image": Object {
                      "alt": "Image 2",
                      "url": "Example image url",
                    },
                    "text": "text 4",
                    "title": "title 4",
                  }
            }
        />
    </div>
</section>,
  "nodes": Array [
    <section
      className="features"
>
      <div
            className="features__intro"
      >
            <h2>
                  Get food fast — not fast food
            </h2>
            <p>
                  Hello, we're Omnifood, your new premium food delivery service. We know you're always busy. No time for cooking. So let us take care of that, we're really good at it, we promise!
            </p>
      </div>
      <div
            className="features__specs"
      >
            <GridItem
                  className="specs__span--1--of--4"
                  gridItem={
                        Object {
                              "id": 1,
                              "text": "text 1",
                              "title": "title 1",
                            }
                  }
            />
            <GridItem
                  className="specs__span--1--of--4"
                  gridItem={
                        Object {
                              "id": 2,
                              "text": "text 2",
                              "title": "title 2",
                            }
                  }
            />
            <GridItem
                  className="specs__span--1--of--4"
                  gridItem={
                        Object {
                              "id": 3,
                              "image": Object {
                                "alt": "Image 1",
                                "url": "Example image url",
                              },
                              "text": "text 3",
                              "title": "title 3",
                            }
                  }
            />
            <GridItem
                  className="specs__span--1--of--4"
                  gridItem={
                        Object {
                              "id": 4,
                              "image": Object {
                                "alt": "Image 2",
                                "url": "Example image url",
                              },
                              "text": "text 4",
                              "title": "title 4",
                            }
                  }
            />
      </div>
</section>,
  ],
  "options": Object {},
  "renderer": ReactShallowRenderer {
    "_instance": ShallowComponentWrapper {
      "_calledComponentWillUnmount": false,
      "_compositeType": 2,
      "_context": Object {},
      "_currentElement": <Features
        featureItems={
                Array [
                        Object {
                          "id": 1,
                          "text": "text 1",
                          "title": "title 1",
                        },
                        Object {
                          "id": 2,
                          "text": "text 2",
                          "title": "title 2",
                        },
                        Object {
                          "id": 3,
                          "image": Object {
                            "alt": "Image 1",
                            "url": "Example image url",
                          },
                          "text": "text 3",
                          "title": "title 3",
                        },
                        Object {
                          "id": 4,
                          "image": Object {
                            "alt": "Image 2",
                            "url": "Example image url",
                          },
                          "text": "text 4",
                          "title": "title 4",
                        },
                      ]
        }
/>,
      "_debugID": 1,
      "_hostContainerInfo": null,
      "_hostParent": null,
      "_instance": StatelessComponent {
        "_reactInternalInstance": [Circular],
        "context": Object {},
        "props": Object {
          "featureItems": Array [
            Object {
              "id": 1,
              "text": "text 1",
              "title": "title 1",
            },
            Object {
              "id": 2,
              "text": "text 2",
              "title": "title 2",
            },
            Object {
              "id": 3,
              "image": Object {
                "alt": "Image 1",
                "url": "Example image url",
              },
              "text": "text 3",
              "title": "title 3",
            },
            Object {
              "id": 4,
              "image": Object {
                "alt": "Image 2",
                "url": "Example image url",
              },
              "text": "text 4",
              "title": "title 4",
            },
          ],
        },
        "refs": Object {},
        "state": null,
        "updater": Object {
          "enqueueCallback": [Function],
          "enqueueCallbackInternal": [Function],
          "enqueueElementInternal": [Function],
          "enqueueForceUpdate": [Function],
          "enqueueReplaceState": [Function],
          "enqueueSetState": [Function],
          "isMounted": [Function],
          "validateCallback": [Function],
        },
      },
      "_mountOrder": 1,
      "_pendingCallbacks": null,
      "_pendingElement": null,
      "_pendingForceUpdate": false,
      "_pendingReplaceState": false,
      "_pendingStateQueue": null,
      "_renderedComponent": NoopInternalComponent {
        "_currentElement": <section
          className="features"
>
          <div
                    className="features__intro"
          >
                    <h2>
                              Get food fast — not fast food
                    </h2>
                    <p>
                              Hello, we're Omnifood, your new premium food delivery service. We know you're always busy. No time for cooking. So let us take care of that, we're really good at it, we promise!
                    </p>
          </div>
          <div
                    className="features__specs"
          >
                    <GridItem
                              className="specs__span--1--of--4"
                              gridItem={
                                        Object {
                                                  "id": 1,
                                                  "text": "text 1",
                                                  "title": "title 1",
                                                }
                              }
                    />
                    <GridItem
                              className="specs__span--1--of--4"
                              gridItem={
                                        Object {
                                                  "id": 2,
                                                  "text": "text 2",
                                                  "title": "title 2",
                                                }
                              }
                    />
                    <GridItem
                              className="specs__span--1--of--4"
                              gridItem={
                                        Object {
                                                  "id": 3,
                                                  "image": Object {
                                                    "alt": "Image 1",
                                                    "url": "Example image url",
                                                  },
                                                  "text": "text 3",
                                                  "title": "title 3",
                                                }
                              }
                    />
                    <GridItem
                              className="specs__span--1--of--4"
                              gridItem={
                                        Object {
                                                  "id": 4,
                                                  "image": Object {
                                                    "alt": "Image 2",
                                                    "url": "Example image url",
                                                  },
                                                  "text": "text 4",
                                                  "title": "title 4",
                                                }
                              }
                    />
          </div>
</section>,
        "_debugID": 2,
        "_renderedOutput": <section
          className="features"
>
          <div
                    className="features__intro"
          >
                    <h2>
                              Get food fast — not fast food
                    </h2>
                    <p>
                              Hello, we're Omnifood, your new premium food delivery service. We know you're always busy. No time for cooking. So let us take care of that, we're really good at it, we promise!
                    </p>
          </div>
          <div
                    className="features__specs"
          >
                    <GridItem
                              className="specs__span--1--of--4"
                              gridItem={
                                        Object {
                                                  "id": 1,
                                                  "text": "text 1",
                                                  "title": "title 1",
                                                }
                              }
                    />
                    <GridItem
                              className="specs__span--1--of--4"
                              gridItem={
                                        Object {
                                                  "id": 2,
                                                  "text": "text 2",
                                                  "title": "title 2",
                                                }
                              }
                    />
                    <GridItem
                              className="specs__span--1--of--4"
                              gridItem={
                                        Object {
                                                  "id": 3,
                                                  "image": Object {
                                                    "alt": "Image 1",
                                                    "url": "Example image url",
                                                  },
                                                  "text": "text 3",
                                                  "title": "title 3",
                                                }
                              }
                    />
                    <GridItem
                              className="specs__span--1--of--4"
                              gridItem={
                                        Object {
                                                  "id": 4,
                                                  "image": Object {
                                                    "alt": "Image 2",
                                                    "url": "Example image url",
                                                  },
                                                  "text": "text 4",
                                                  "title": "title 4",
                                                }
                              }
                    />
          </div>
</section>,
      },
      "_renderedNodeType": 0,
      "_rootNodeID": 0,
      "_topLevelWrapper": null,
      "_updateBatchNumber": null,
      "_warnedAboutRefsInRender": false,
    },
    "getRenderOutput": [Function],
    "render": [Function],
  },
  "root": [Circular],
  "unrendered": <Features
    featureItems={
        Array [
            Object {
              "id": 1,
              "text": "text 1",
              "title": "title 1",
            },
            Object {
              "id": 2,
              "text": "text 2",
              "title": "title 2",
            },
            Object {
              "id": 3,
              "image": Object {
                "alt": "Image 1",
                "url": "Example image url",
              },
              "text": "text 3",
              "title": "title 3",
            },
            Object {
              "id": 4,
              "image": Object {
                "alt": "Image 2",
                "url": "Example image url",
              },
              "text": "text 4",
              "title": "title 4",
            },
          ]
    }
/>,
}
`;
