// Jest Snapshot v1, https://goo.gl/fbAQLP

exports[`Footer component renders without any issues 1`] = `
<footer>
  <div
    className="wrapper wrapper__footer"
  >
    <div
      className="footer__main"
    >
      <nav
        className="footer__row nav"
      >
        <a
          className="footer__nav__link"
          href=""
        >
          About us
        </a>
        <a
          className="footer__nav__link"
          href=""
        >
          Blog
        </a>
        <a
          className="footer__nav__link"
          href=""
        >
          Press
        </a>
        <a
          className="footer__nav__link"
          href=""
        >
          iOS App
        </a>
        <a
          className="footer__nav__link"
          href=""
        >
          Android App
        </a>
      </nav>
      <nav
        className="footer__row socialmedia"
      >
        <a
          className="footer__nav__link"
          href=""
        >
          <svg
            aria-labelledby="icon__facebook-title"
            role="img"
          >
            <title>
              facebook
            </title>
            <use
              pointerEvents="none"
              xlinkHref="#icons-facebook"
            />
          </svg>
          <span>
            Facebook
          </span>
        </a>
        <a
          className="footer__nav__link"
          href=""
        >
          <svg
            aria-labelledby="icon__twitter-title"
            role="img"
          >
            <title>
              twitter
            </title>
            <use
              pointerEvents="none"
              xlinkHref="#icons-twitter"
            />
          </svg>
          <span>
            Twitter
          </span>
        </a>
        <a
          className="footer__nav__link"
          href=""
        >
          <svg
            aria-labelledby="icon__instagram-title"
            role="img"
          >
            <title>
              instagram
            </title>
            <use
              pointerEvents="none"
              xlinkHref="#icons-instagram"
            />
          </svg>
          <span>
            Instagram
          </span>
        </a>
      </nav>
    </div>
    <div
      className="footer__subfooter"
    >
      Copyright Â© 2017 by Omnifood. All rights reserved.
    </div>
  </div>
</footer>
`;
