// Jest Snapshot v1, https://goo.gl/fbAQLP

exports[`InfoItem component displays a block info with a heading and a paragraph 1`] = `
<div
  className="info"
>
  <h3>
    A test title
  </h3>
  <p>
    This is a test paragraph
  </p>
</div>
`;
