// Jest Snapshot v1, https://goo.gl/fbAQLP

exports[`The Row renders a Row component 1`] = `
<div
  className="row"
/>
`;
