// Jest Snapshot v1, https://goo.gl/fbAQLP

exports[`Steps component renders correctly without any issues 1`] = `
ShallowWrapper {
  "complexSelector": ComplexSelector {
    "buildPredicate": [Function],
    "childrenOfNode": [Function],
    "findWhereUnwrapped": [Function],
  },
  "length": 1,
  "node": <section
    className="steps"
>
    <div
        className="steps__intro"
    >
        <h2>
            How it works — Simple as 1, 2, 3
        </h2>
    </div>
    <div
        className="steps__description"
    >
        <div
            className="steps__image"
        >
            <img
                alt="Omnifood app on iPhone"
                src="https://drive.google.com/uc?id=0BwwULdUQlf8mVkFjdkw4OVpfRVk"
            />
        </div>
        <div
            className="steps__items"
        >
            <div
                className="steps__item"
            >
                <div>
                    1
                </div>
                <p>
                    Choose the subscription plan that best fits your needs and sign up today.
                </p>
            </div>
            <div
                className="steps__item"
            >
                <div>
                    2
                </div>
                <p>
                    Order your delicious meal using our mobile app or website. Or you can even call us!
                </p>
            </div>
            <div
                className="steps__item"
            >
                <div>
                    3
                </div>
                <p>
                    Enjoy your meal after less than 20 minutes. See you the next time!
                </p>
            </div>
            <div
                className="steps__item"
            >
                <a
                    className="steps__item__link"
                    href=""
                >
                    <Icon
                        name="app-store-badge"
                    />
                </a>
                <a
                    className="steps__item__link"
                    href=""
                >
                    <Icon
                        name="google-play-badge"
                    />
                </a>
            </div>
        </div>
    </div>
</section>,
  "nodes": Array [
    <section
      className="steps"
>
      <div
            className="steps__intro"
      >
            <h2>
                  How it works — Simple as 1, 2, 3
            </h2>
      </div>
      <div
            className="steps__description"
      >
            <div
                  className="steps__image"
            >
                  <img
                        alt="Omnifood app on iPhone"
                        src="https://drive.google.com/uc?id=0BwwULdUQlf8mVkFjdkw4OVpfRVk"
                  />
            </div>
            <div
                  className="steps__items"
            >
                  <div
                        className="steps__item"
                  >
                        <div>
                              1
                        </div>
                        <p>
                              Choose the subscription plan that best fits your needs and sign up today.
                        </p>
                  </div>
                  <div
                        className="steps__item"
                  >
                        <div>
                              2
                        </div>
                        <p>
                              Order your delicious meal using our mobile app or website. Or you can even call us!
                        </p>
                  </div>
                  <div
                        className="steps__item"
                  >
                        <div>
                              3
                        </div>
                        <p>
                              Enjoy your meal after less than 20 minutes. See you the next time!
                        </p>
                  </div>
                  <div
                        className="steps__item"
                  >
                        <a
                              className="steps__item__link"
                              href=""
                        >
                              <Icon
                                    name="app-store-badge"
                              />
                        </a>
                        <a
                              className="steps__item__link"
                              href=""
                        >
                              <Icon
                                    name="google-play-badge"
                              />
                        </a>
                  </div>
            </div>
      </div>
</section>,
  ],
  "options": Object {},
  "renderer": ReactShallowRenderer {
    "_instance": ShallowComponentWrapper {
      "_calledComponentWillUnmount": false,
      "_compositeType": 2,
      "_context": Object {},
      "_currentElement": <Steps />,
      "_debugID": 1,
      "_hostContainerInfo": null,
      "_hostParent": null,
      "_instance": StatelessComponent {
        "_reactInternalInstance": [Circular],
        "context": Object {},
        "props": Object {},
        "refs": Object {},
        "state": null,
        "updater": Object {
          "enqueueCallback": [Function],
          "enqueueCallbackInternal": [Function],
          "enqueueElementInternal": [Function],
          "enqueueForceUpdate": [Function],
          "enqueueReplaceState": [Function],
          "enqueueSetState": [Function],
          "isMounted": [Function],
          "validateCallback": [Function],
        },
      },
      "_mountOrder": 1,
      "_pendingCallbacks": null,
      "_pendingElement": null,
      "_pendingForceUpdate": false,
      "_pendingReplaceState": false,
      "_pendingStateQueue": null,
      "_renderedComponent": NoopInternalComponent {
        "_currentElement": <section
          className="steps"
>
          <div
                    className="steps__intro"
          >
                    <h2>
                              How it works — Simple as 1, 2, 3
                    </h2>
          </div>
          <div
                    className="steps__description"
          >
                    <div
                              className="steps__image"
                    >
                              <img
                                        alt="Omnifood app on iPhone"
                                        src="https://drive.google.com/uc?id=0BwwULdUQlf8mVkFjdkw4OVpfRVk"
                              />
                    </div>
                    <div
                              className="steps__items"
                    >
                              <div
                                        className="steps__item"
                              >
                                        <div>
                                                  1
                                        </div>
                                        <p>
                                                  Choose the subscription plan that best fits your needs and sign up today.
                                        </p>
                              </div>
                              <div
                                        className="steps__item"
                              >
                                        <div>
                                                  2
                                        </div>
                                        <p>
                                                  Order your delicious meal using our mobile app or website. Or you can even call us!
                                        </p>
                              </div>
                              <div
                                        className="steps__item"
                              >
                                        <div>
                                                  3
                                        </div>
                                        <p>
                                                  Enjoy your meal after less than 20 minutes. See you the next time!
                                        </p>
                              </div>
                              <div
                                        className="steps__item"
                              >
                                        <a
                                                  className="steps__item__link"
                                                  href=""
                                        >
                                                  <Icon
                                                            name="app-store-badge"
                                                  />
                                        </a>
                                        <a
                                                  className="steps__item__link"
                                                  href=""
                                        >
                                                  <Icon
                                                            name="google-play-badge"
                                                  />
                                        </a>
                              </div>
                    </div>
          </div>
</section>,
        "_debugID": 2,
        "_renderedOutput": <section
          className="steps"
>
          <div
                    className="steps__intro"
          >
                    <h2>
                              How it works — Simple as 1, 2, 3
                    </h2>
          </div>
          <div
                    className="steps__description"
          >
                    <div
                              className="steps__image"
                    >
                              <img
                                        alt="Omnifood app on iPhone"
                                        src="https://drive.google.com/uc?id=0BwwULdUQlf8mVkFjdkw4OVpfRVk"
                              />
                    </div>
                    <div
                              className="steps__items"
                    >
                              <div
                                        className="steps__item"
                              >
                                        <div>
                                                  1
                                        </div>
                                        <p>
                                                  Choose the subscription plan that best fits your needs and sign up today.
                                        </p>
                              </div>
                              <div
                                        className="steps__item"
                              >
                                        <div>
                                                  2
                                        </div>
                                        <p>
                                                  Order your delicious meal using our mobile app or website. Or you can even call us!
                                        </p>
                              </div>
                              <div
                                        className="steps__item"
                              >
                                        <div>
                                                  3
                                        </div>
                                        <p>
                                                  Enjoy your meal after less than 20 minutes. See you the next time!
                                        </p>
                              </div>
                              <div
                                        className="steps__item"
                              >
                                        <a
                                                  className="steps__item__link"
                                                  href=""
                                        >
                                                  <Icon
                                                            name="app-store-badge"
                                                  />
                                        </a>
                                        <a
                                                  className="steps__item__link"
                                                  href=""
                                        >
                                                  <Icon
                                                            name="google-play-badge"
                                                  />
                                        </a>
                              </div>
                    </div>
          </div>
</section>,
      },
      "_renderedNodeType": 0,
      "_rootNodeID": 0,
      "_topLevelWrapper": null,
      "_updateBatchNumber": null,
      "_warnedAboutRefsInRender": false,
    },
    "getRenderOutput": [Function],
    "render": [Function],
  },
  "root": [Circular],
  "unrendered": <Steps />,
}
`;
