// Jest Snapshot v1, https://goo.gl/fbAQLP

exports[`Meals component renders correctly without issues 1`] = `
ShallowWrapper {
  "complexSelector": ComplexSelector {
    "buildPredicate": [Function],
    "childrenOfNode": [Function],
    "findWhereUnwrapped": [Function],
  },
  "length": 1,
  "node": <section
    className="meals"
>
    <figure
        className="meal__photo"
    >
        <img
            alt="alt 1"
            src="imageURL 1"
        />
    </figure>
    <figure
        className="meal__photo"
    >
        <img
            alt="alt 2"
            src="imageURL 2"
        />
    </figure>
    <figure
        className="meal__photo"
    >
        <img
            alt="alt 3"
            src="imageURL 3"
        />
    </figure>
    <figure
        className="meal__photo"
    >
        <img
            alt="alt 4"
            src="imageURL 4"
        />
    </figure>
    <figure
        className="meal__photo"
    >
        <img
            alt="alt 5"
            src="imageURL 5"
        />
    </figure>
    <figure
        className="meal__photo"
    >
        <img
            alt="alt 4"
            src="imageURL 6"
        />
    </figure>
    <figure
        className="meal__photo"
    >
        <img
            alt="alt 4"
            src="imageURL 7"
        />
    </figure>
    <figure
        className="meal__photo"
    >
        <img
            alt="alt 4"
            src="imageURL 8"
        />
    </figure>
</section>,
  "nodes": Array [
    <section
      className="meals"
>
      <figure
            className="meal__photo"
      >
            <img
                  alt="alt 1"
                  src="imageURL 1"
            />
      </figure>
      <figure
            className="meal__photo"
      >
            <img
                  alt="alt 2"
                  src="imageURL 2"
            />
      </figure>
      <figure
            className="meal__photo"
      >
            <img
                  alt="alt 3"
                  src="imageURL 3"
            />
      </figure>
      <figure
            className="meal__photo"
      >
            <img
                  alt="alt 4"
                  src="imageURL 4"
            />
      </figure>
      <figure
            className="meal__photo"
      >
            <img
                  alt="alt 5"
                  src="imageURL 5"
            />
      </figure>
      <figure
            className="meal__photo"
      >
            <img
                  alt="alt 4"
                  src="imageURL 6"
            />
      </figure>
      <figure
            className="meal__photo"
      >
            <img
                  alt="alt 4"
                  src="imageURL 7"
            />
      </figure>
      <figure
            className="meal__photo"
      >
            <img
                  alt="alt 4"
                  src="imageURL 8"
            />
      </figure>
</section>,
  ],
  "options": Object {},
  "renderer": ReactShallowRenderer {
    "_instance": ShallowComponentWrapper {
      "_calledComponentWillUnmount": false,
      "_compositeType": 2,
      "_context": Object {},
      "_currentElement": <Meals
        mealItems={
                Array [
                        Object {
                          "alt": "alt 1",
                          "id": 1,
                          "imageURL": "imageURL 1",
                        },
                        Object {
                          "alt": "alt 2",
                          "id": 2,
                          "imageURL": "imageURL 2",
                        },
                        Object {
                          "alt": "alt 3",
                          "id": 3,
                          "imageURL": "imageURL 3",
                        },
                        Object {
                          "alt": "alt 4",
                          "id": 4,
                          "imageURL": "imageURL 4",
                        },
                        Object {
                          "alt": "alt 5",
                          "id": 5,
                          "imageURL": "imageURL 5",
                        },
                        Object {
                          "alt": "alt 4",
                          "id": 4,
                          "imageURL": "imageURL 6",
                        },
                        Object {
                          "alt": "alt 4",
                          "id": 4,
                          "imageURL": "imageURL 7",
                        },
                        Object {
                          "alt": "alt 4",
                          "id": 4,
                          "imageURL": "imageURL 8",
                        },
                      ]
        }
/>,
      "_debugID": 1,
      "_hostContainerInfo": null,
      "_hostParent": null,
      "_instance": StatelessComponent {
        "_reactInternalInstance": [Circular],
        "context": Object {},
        "props": Object {
          "mealItems": Array [
            Object {
              "alt": "alt 1",
              "id": 1,
              "imageURL": "imageURL 1",
            },
            Object {
              "alt": "alt 2",
              "id": 2,
              "imageURL": "imageURL 2",
            },
            Object {
              "alt": "alt 3",
              "id": 3,
              "imageURL": "imageURL 3",
            },
            Object {
              "alt": "alt 4",
              "id": 4,
              "imageURL": "imageURL 4",
            },
            Object {
              "alt": "alt 5",
              "id": 5,
              "imageURL": "imageURL 5",
            },
            Object {
              "alt": "alt 4",
              "id": 4,
              "imageURL": "imageURL 6",
            },
            Object {
              "alt": "alt 4",
              "id": 4,
              "imageURL": "imageURL 7",
            },
            Object {
              "alt": "alt 4",
              "id": 4,
              "imageURL": "imageURL 8",
            },
          ],
        },
        "refs": Object {},
        "state": null,
        "updater": Object {
          "enqueueCallback": [Function],
          "enqueueCallbackInternal": [Function],
          "enqueueElementInternal": [Function],
          "enqueueForceUpdate": [Function],
          "enqueueReplaceState": [Function],
          "enqueueSetState": [Function],
          "isMounted": [Function],
          "validateCallback": [Function],
        },
      },
      "_mountOrder": 1,
      "_pendingCallbacks": null,
      "_pendingElement": null,
      "_pendingForceUpdate": false,
      "_pendingReplaceState": false,
      "_pendingStateQueue": null,
      "_renderedComponent": NoopInternalComponent {
        "_currentElement": <section
          className="meals"
>
          <figure
                    className="meal__photo"
          >
                    <img
                              alt="alt 1"
                              src="imageURL 1"
                    />
          </figure>
          <figure
                    className="meal__photo"
          >
                    <img
                              alt="alt 2"
                              src="imageURL 2"
                    />
          </figure>
          <figure
                    className="meal__photo"
          >
                    <img
                              alt="alt 3"
                              src="imageURL 3"
                    />
          </figure>
          <figure
                    className="meal__photo"
          >
                    <img
                              alt="alt 4"
                              src="imageURL 4"
                    />
          </figure>
          <figure
                    className="meal__photo"
          >
                    <img
                              alt="alt 5"
                              src="imageURL 5"
                    />
          </figure>
          <figure
                    className="meal__photo"
          >
                    <img
                              alt="alt 4"
                              src="imageURL 6"
                    />
          </figure>
          <figure
                    className="meal__photo"
          >
                    <img
                              alt="alt 4"
                              src="imageURL 7"
                    />
          </figure>
          <figure
                    className="meal__photo"
          >
                    <img
                              alt="alt 4"
                              src="imageURL 8"
                    />
          </figure>
</section>,
        "_debugID": 2,
        "_renderedOutput": <section
          className="meals"
>
          <figure
                    className="meal__photo"
          >
                    <img
                              alt="alt 1"
                              src="imageURL 1"
                    />
          </figure>
          <figure
                    className="meal__photo"
          >
                    <img
                              alt="alt 2"
                              src="imageURL 2"
                    />
          </figure>
          <figure
                    className="meal__photo"
          >
                    <img
                              alt="alt 3"
                              src="imageURL 3"
                    />
          </figure>
          <figure
                    className="meal__photo"
          >
                    <img
                              alt="alt 4"
                              src="imageURL 4"
                    />
          </figure>
          <figure
                    className="meal__photo"
          >
                    <img
                              alt="alt 5"
                              src="imageURL 5"
                    />
          </figure>
          <figure
                    className="meal__photo"
          >
                    <img
                              alt="alt 4"
                              src="imageURL 6"
                    />
          </figure>
          <figure
                    className="meal__photo"
          >
                    <img
                              alt="alt 4"
                              src="imageURL 7"
                    />
          </figure>
          <figure
                    className="meal__photo"
          >
                    <img
                              alt="alt 4"
                              src="imageURL 8"
                    />
          </figure>
</section>,
      },
      "_renderedNodeType": 0,
      "_rootNodeID": 0,
      "_topLevelWrapper": null,
      "_updateBatchNumber": null,
      "_warnedAboutRefsInRender": false,
    },
    "getRenderOutput": [Function],
    "render": [Function],
  },
  "root": [Circular],
  "unrendered": <Meals
    mealItems={
        Array [
            Object {
              "alt": "alt 1",
              "id": 1,
              "imageURL": "imageURL 1",
            },
            Object {
              "alt": "alt 2",
              "id": 2,
              "imageURL": "imageURL 2",
            },
            Object {
              "alt": "alt 3",
              "id": 3,
              "imageURL": "imageURL 3",
            },
            Object {
              "alt": "alt 4",
              "id": 4,
              "imageURL": "imageURL 4",
            },
            Object {
              "alt": "alt 5",
              "id": 5,
              "imageURL": "imageURL 5",
            },
            Object {
              "alt": "alt 4",
              "id": 4,
              "imageURL": "imageURL 6",
            },
            Object {
              "alt": "alt 4",
              "id": 4,
              "imageURL": "imageURL 7",
            },
            Object {
              "alt": "alt 4",
              "id": 4,
              "imageURL": "imageURL 8",
            },
          ]
    }
/>,
}
`;
