// Jest Snapshot v1, https://goo.gl/fbAQLP

exports[`Hero component renders correctly without issues 1`] = `
ShallowWrapper {
  "complexSelector": ComplexSelector {
    "buildPredicate": [Function],
    "childrenOfNode": [Function],
    "findWhereUnwrapped": [Function],
  },
  "length": 1,
  "node": <section
    className="hero"
>
    <h1>
        Goodbye junk food.
        <br />
        Hello super healthy meals.
    </h1>
    <div
        className="hero__links"
    >
        <Button
            onClick={[Function]}
            text="I'm hungry"
        />
        <Button
            appearance="secondary"
            onClick={[Function]}
            text="Show me more"
        />
    </div>
</section>,
  "nodes": Array [
    <section
      className="hero"
>
      <h1>
            Goodbye junk food.
            <br />
            Hello super healthy meals.
      </h1>
      <div
            className="hero__links"
      >
            <Button
                  onClick={[Function]}
                  text="I'm hungry"
            />
            <Button
                  appearance="secondary"
                  onClick={[Function]}
                  text="Show me more"
            />
      </div>
</section>,
  ],
  "options": Object {},
  "renderer": ReactShallowRenderer {
    "_instance": ShallowComponentWrapper {
      "_calledComponentWillUnmount": false,
      "_compositeType": 2,
      "_context": Object {},
      "_currentElement": <Hero />,
      "_debugID": 1,
      "_hostContainerInfo": null,
      "_hostParent": null,
      "_instance": StatelessComponent {
        "_reactInternalInstance": [Circular],
        "context": Object {},
        "props": Object {},
        "refs": Object {},
        "state": null,
        "updater": Object {
          "enqueueCallback": [Function],
          "enqueueCallbackInternal": [Function],
          "enqueueElementInternal": [Function],
          "enqueueForceUpdate": [Function],
          "enqueueReplaceState": [Function],
          "enqueueSetState": [Function],
          "isMounted": [Function],
          "validateCallback": [Function],
        },
      },
      "_mountOrder": 1,
      "_pendingCallbacks": null,
      "_pendingElement": null,
      "_pendingForceUpdate": false,
      "_pendingReplaceState": false,
      "_pendingStateQueue": null,
      "_renderedComponent": NoopInternalComponent {
        "_currentElement": <section
          className="hero"
>
          <h1>
                    Goodbye junk food.
                    <br />
                    Hello super healthy meals.
          </h1>
          <div
                    className="hero__links"
          >
                    <Button
                              onClick={[Function]}
                              text="I'm hungry"
                    />
                    <Button
                              appearance="secondary"
                              onClick={[Function]}
                              text="Show me more"
                    />
          </div>
</section>,
        "_debugID": 2,
        "_renderedOutput": <section
          className="hero"
>
          <h1>
                    Goodbye junk food.
                    <br />
                    Hello super healthy meals.
          </h1>
          <div
                    className="hero__links"
          >
                    <Button
                              onClick={[Function]}
                              text="I'm hungry"
                    />
                    <Button
                              appearance="secondary"
                              onClick={[Function]}
                              text="Show me more"
                    />
          </div>
</section>,
      },
      "_renderedNodeType": 0,
      "_rootNodeID": 0,
      "_topLevelWrapper": null,
      "_updateBatchNumber": null,
      "_warnedAboutRefsInRender": false,
    },
    "getRenderOutput": [Function],
    "render": [Function],
  },
  "root": [Circular],
  "unrendered": <Hero />,
}
`;
