// Jest Snapshot v1, https://goo.gl/fbAQLP

exports[`The Page renders a Page component 1`] = `
<div
  className="sc-bdVaJa gjBmIj"
/>
`;
